npm warn invalid config https-proxy="" set in environment
npm warn invalid config Must be full url with "http://"
npm warn invalid config proxy="" set in environment
npm warn invalid config Must be full url with "http://"
npm http cache https://registry.npmjs.org/react-dom 728ms (cache hit)
npm http cache https://registry.npmjs.org/react-native-web 65ms (cache hit)
npm http cache https://registry.npmjs.org/fbjs 24ms (cache hit)
npm http cache https://registry.npmjs.org/styleq 34ms (cache hit)
npm http cache https://registry.npmjs.org/memoize-one 38ms (cache hit)
npm http cache https://registry.npmjs.org/inline-style-prefixer 31ms (cache hit)
npm http cache https://registry.npmjs.org/@react-native%2fnormalize-colors 44ms (cache hit)
npm http fetch GET 200 https://registry.npmjs.org/setimmediate 2029ms (cache revalidated)
npm http fetch GET 200 https://registry.npmjs.org/cross-fetch 2096ms (cache revalidated)
npm http fetch GET 200 https://registry.npmjs.org/promise 2106ms (cache revalidated)
npm http fetch GET 200 https://registry.npmjs.org/fbjs-css-vars 465ms (cache updated)
npm http fetch GET 200 https://registry.npmjs.org/css-in-js-utils 480ms (cache revalidated)
npm http fetch GET 200 https://registry.npmjs.org/ua-parser-js 3195ms (cache updated)
npm http fetch GET 200 https://registry.npmjs.org/node-fetch 289ms (cache revalidated)
npm http fetch GET 200 https://registry.npmjs.org/whatwg-url 812ms (cache updated)
npm http fetch GET 200 https://registry.npmjs.org/hyphenate-style-name 349ms (cache revalidated)
npm http fetch GET 200 https://registry.npmjs.org/webidl-conversions 692ms (cache revalidated)
npm http fetch GET 200 https://registry.npmjs.org/tr46 721ms (cache revalidated)
npm http cache tr46@https://registry.npmjs.org/tr46/-/tr46-0.0.3.tgz 0ms (cache hit)
npm http cache whatwg-url@https://registry.npmjs.org/whatwg-url/-/whatwg-url-5.0.0.tgz 0ms (cache hit)
npm http cache hyphenate-style-name@https://registry.npmjs.org/hyphenate-style-name/-/hyphenate-style-name-1.1.0.tgz 0ms (cache hit)
npm http cache css-in-js-utils@https://registry.npmjs.org/css-in-js-utils/-/css-in-js-utils-3.1.0.tgz 0ms (cache hit)
npm http cache setimmediate@https://registry.npmjs.org/setimmediate/-/setimmediate-1.0.5.tgz 0ms (cache hit)
npm http cache node-fetch@https://registry.npmjs.org/node-fetch/-/node-fetch-2.7.0.tgz 0ms (cache hit)
npm http cache fbjs-css-vars@https://registry.npmjs.org/fbjs-css-vars/-/fbjs-css-vars-1.0.2.tgz 0ms (cache hit)
npm http cache cross-fetch@https://registry.npmjs.org/cross-fetch/-/cross-fetch-3.2.0.tgz 0ms (cache hit)
npm http cache styleq@https://registry.npmjs.org/styleq/-/styleq-0.1.3.tgz 0ms (cache hit)
npm http cache inline-style-prefixer@https://registry.npmjs.org/inline-style-prefixer/-/inline-style-prefixer-7.0.1.tgz 0ms (cache hit)
npm http cache fbjs@https://registry.npmjs.org/fbjs/-/fbjs-3.0.5.tgz 0ms (cache hit)
npm http cache react-native-web@https://registry.npmjs.org/react-native-web/-/react-native-web-0.21.2.tgz 0ms (cache hit)
npm http cache webidl-conversions@https://registry.npmjs.org/webidl-conversions/-/webidl-conversions-3.0.1.tgz 0ms (cache hit)
npm http cache react-dom@https://registry.npmjs.org/react-dom/-/react-dom-19.1.0.tgz 0ms (cache hit)
npm http cache ua-parser-js@https://registry.npmjs.org/ua-parser-js/-/ua-parser-js-1.0.41.tgz 1ms (cache hit)
npm http cache promise@https://registry.npmjs.org/promise/-/promise-7.3.1.tgz 0ms (cache hit)
npm http cache memoize-one@https://registry.npmjs.org/memoize-one/-/memoize-one-6.0.0.tgz 0ms (cache hit)
npm http cache @react-native/normalize-colors@https://registry.npmjs.org/@react-native/normalize-colors/-/normalize-colors-0.74.89.tgz 0ms (cache hit)
npm http fetch GET 200 https://registry.npmjs.org/react-dom/-/react-dom-19.1.0.tgz 5045ms (cache miss)
npm http fetch GET 200 https://registry.npmjs.org/react-native-web/-/react-native-web-0.21.2.tgz 11271ms (cache miss)

added 18 packages in 23s
